src/app/settings/page.tsx(97,38): error TS2769: No overload matches this call.
  Overload 1 of 3, '(name: string, value: string | Blob): void', gave the following error.
    Argument of type 'string | string[]' is not assignable to parameter of type 'string | Blob'.
      Type 'string[]' is not assignable to type 'string | Blob'.
        Type 'string[]' is missing the following properties from type 'Blob': size, type, arrayBuffer, bytes, and 2 more.
  Overload 2 of 3, '(name: string, value: string): void', gave the following error.
    Argument of type 'string | string[]' is not assignable to parameter of type 'string'.
      Type 'string[]' is not assignable to type 'string'.
  Overload 3 of 3, '(name: string, blobValue: Blob, filename?: string | undefined): void', gave the following error.
    Argument of type 'string | string[]' is not assignable to parameter of type 'Blob'.
      Type 'string' is not assignable to type 'Blob'.
